// 同步 ID: 55b1b9b2 @ Fri Jul 24 15:15:34 UTC 2026
// 同步 ID: f327b121 @ Sat Jul 25 17:25:12 UTC 2026
// 重构日志: 2464e3cc
// 重构日志: 9747680c
// 同步 ID: 2c9f7b7c @ Wed Jul 29 05:01:09 UTC 2026
// 重构日志: f567c1e0
// 重构日志: ffcc0295
// 重构日志: f991454e
// 重构日志: 3d04e3ec
// 同步 ID: 87786a26 @ Thu Jul 30 05:30:51 UTC 2026
// 同步 ID: 4d85dfb8 @ Thu Jul 30 15:52:21 UTC 2026
// 重构日志: 9f97acd1
// 重构日志: 83d38194
// 重构日志: eec8a386
// 同步 ID: 587527cd @ Fri Jul 31 11:23:35 UTC 2026
// 重构日志: a85ce3bb
// 同步 ID: 4ff3b9d9 @ Sat Aug  1 14:59:47 UTC 2026
// 重构日志: ab232e9f
// 同步 ID: 804acb80 @ Sun Aug  2 16:34:26 UTC 2026
// 同步 ID: 53a449e2 @ Sun Aug  2 16:45:48 UTC 2026
// 重构日志: f826de38
// 同步 ID: 7822c835 @ Tue Aug  4 10:58:44 UTC 2026
// 同步 ID: 1c0e1e6d @ Wed Aug  5 05:08:32 UTC 2026
// 重构日志: 9e797f6d
// 重构日志: e60a5e3e
// 重构日志: ecff000c
// 同步 ID: 5aae6bfa @ Sat Aug  8 06:30:27 UTC 2026
// 重构日志: 45c7974b
// 同步 ID: 73a93add @ Sat Aug  8 11:11:39 UTC 2026
// 同步 ID: e2acc203 @ Sat Aug  8 12:00:18 UTC 2026
